[2026-06-05T02:03:21.987+0000] {manager.py:470} INFO - Processing files using up to 2 processes at a time 
[2026-06-05T02:03:21.990+0000] {manager.py:471} INFO - Process each file at most once every 30 seconds
[2026-06-05T02:03:21.992+0000] {manager.py:472} INFO - Checking for new files in /opt/airflow/dags every 300 seconds
[2026-06-05T02:03:21.994+0000] {manager.py:737} INFO - Searching for files in /opt/airflow/dags
[2026-06-05T02:03:22.039+0000] {manager.py:740} INFO - There are 1 files in /opt/airflow/dags
[2026-06-05T02:03:22.412+0000] {manager.py:878} INFO - 
================================================================================
DAG File Processing Stats

File Path                                    PID  Runtime      # DAGs    # Errors  Last Runtime    Last Run
-----------------------------------------  -----  ---------  --------  ----------  --------------  ----------
/opt/airflow/dags/cilckstream_pipeline.py     49  0.15s             0           0
================================================================================
[2026-06-05T02:03:52.701+0000] {manager.py:878} INFO - 
================================================================================
DAG File Processing Stats

File Path                                    PID  Runtime      # DAGs    # Errors  Last Runtime    Last Run
-----------------------------------------  -----  ---------  --------  ----------  --------------  -------------------
/opt/airflow/dags/cilckstream_pipeline.py     71  0.01s             1           0  0.36s           2026-06-05T02:03:22
================================================================================
[2026-06-05T02:04:23.151+0000] {manager.py:878} INFO - 
================================================================================
DAG File Processing Stats

File Path                                    PID  Runtime      # DAGs    # Errors  Last Runtime    Last Run
-----------------------------------------  -----  ---------  --------  ----------  --------------  -------------------
/opt/airflow/dags/cilckstream_pipeline.py     75  0.01s             1           0  0.40s           2026-06-05T02:03:53
================================================================================
[2026-06-05T02:04:53.693+0000] {manager.py:878} INFO - 
================================================================================
DAG File Processing Stats

File Path                                  PID    Runtime      # DAGs    # Errors  Last Runtime    Last Run
-----------------------------------------  -----  ---------  --------  ----------  --------------  -------------------
/opt/airflow/dags/cilckstream_pipeline.py                           1           0  0.65s           2026-06-05T02:04:23
================================================================================
[2026-06-05T02:05:24.361+0000] {manager.py:878} INFO - 
================================================================================
DAG File Processing Stats

File Path                                  PID    Runtime      # DAGs    # Errors  Last Runtime    Last Run
-----------------------------------------  -----  ---------  --------  ----------  --------------  -------------------
/opt/airflow/dags/cilckstream_pipeline.py                           1           0  0.28s           2026-06-05T02:04:54
================================================================================
[2026-06-05T02:05:55.008+0000] {manager.py:878} INFO - 
================================================================================
DAG File Processing Stats

File Path                                    PID  Runtime      # DAGs    # Errors  Last Runtime    Last Run
-----------------------------------------  -----  ---------  --------  ----------  --------------  -------------------
/opt/airflow/dags/cilckstream_pipeline.py     99  0.00s             1           0  0.20s           2026-06-05T02:05:24
================================================================================
[2026-06-05T02:06:25.515+0000] {manager.py:878} INFO - 
================================================================================
DAG File Processing Stats

File Path                                    PID  Runtime      # DAGs    # Errors  Last Runtime    Last Run
-----------------------------------------  -----  ---------  --------  ----------  --------------  -------------------
/opt/airflow/dags/cilckstream_pipeline.py    100  0.01s             1           0  0.20s           2026-06-05T02:05:55
================================================================================
[2026-06-05T02:06:55.843+0000] {manager.py:878} INFO - 
================================================================================
DAG File Processing Stats

File Path                                  PID    Runtime      # DAGs    # Errors  Last Runtime    Last Run
-----------------------------------------  -----  ---------  --------  ----------  --------------  -------------------
/opt/airflow/dags/cilckstream_pipeline.py                           1           0  0.37s           2026-06-05T02:06:51
================================================================================
