[2026-06-05T02:03:22.315+0000] {processor.py:161} INFO - Started process (PID=49) to work on /opt/airflow/dags/cilckstream_pipeline.py
[2026-06-05T02:03:22.319+0000] {processor.py:830} INFO - Processing file /opt/airflow/dags/cilckstream_pipeline.py for tasks to queue
[2026-06-05T02:03:22.330+0000] {logging_mixin.py:188} INFO - [2026-06-05T02:03:22.328+0000] {dagbag.py:545} INFO - Filling up the DagBag from /opt/airflow/dags/cilckstream_pipeline.py
[2026-06-05T02:03:22.409+0000] {processor.py:840} INFO - DAG(s) 'clickstream_etl_pipeline' retrieved from /opt/airflow/dags/cilckstream_pipeline.py
[2026-06-05T02:03:22.482+0000] {logging_mixin.py:188} INFO - [2026-06-05T02:03:22.482+0000] {dag.py:3096} INFO - Sync 1 DAGs
[2026-06-05T02:03:22.551+0000] {logging_mixin.py:188} INFO - [2026-06-05T02:03:22.550+0000] {dag.py:3954} INFO - Setting next_dagrun for clickstream_etl_pipeline to 2026-06-04 00:00:00+00:00, run_after=2026-06-05 00:00:00+00:00
[2026-06-05T02:03:22.600+0000] {processor.py:183} INFO - Processing /opt/airflow/dags/cilckstream_pipeline.py took 0.309 seconds
[2026-06-05T02:03:52.737+0000] {processor.py:161} INFO - Started process (PID=71) to work on /opt/airflow/dags/cilckstream_pipeline.py
[2026-06-05T02:03:52.740+0000] {processor.py:830} INFO - Processing file /opt/airflow/dags/cilckstream_pipeline.py for tasks to queue
[2026-06-05T02:03:52.745+0000] {logging_mixin.py:188} INFO - [2026-06-05T02:03:52.744+0000] {dagbag.py:545} INFO - Filling up the DagBag from /opt/airflow/dags/cilckstream_pipeline.py
[2026-06-05T02:03:52.798+0000] {processor.py:840} INFO - DAG(s) 'clickstream_etl_pipeline' retrieved from /opt/airflow/dags/cilckstream_pipeline.py
[2026-06-05T02:03:53.015+0000] {logging_mixin.py:188} INFO - [2026-06-05T02:03:53.014+0000] {dag.py:3096} INFO - Sync 1 DAGs
[2026-06-05T02:03:53.047+0000] {logging_mixin.py:188} INFO - [2026-06-05T02:03:53.047+0000] {dag.py:3954} INFO - Setting next_dagrun for clickstream_etl_pipeline to 2026-06-04 00:00:00+00:00, run_after=2026-06-05 00:00:00+00:00
[2026-06-05T02:03:53.085+0000] {processor.py:183} INFO - Processing /opt/airflow/dags/cilckstream_pipeline.py took 0.362 seconds
[2026-06-05T02:04:23.173+0000] {processor.py:161} INFO - Started process (PID=75) to work on /opt/airflow/dags/cilckstream_pipeline.py
[2026-06-05T02:04:23.175+0000] {processor.py:830} INFO - Processing file /opt/airflow/dags/cilckstream_pipeline.py for tasks to queue
[2026-06-05T02:04:23.179+0000] {logging_mixin.py:188} INFO - [2026-06-05T02:04:23.178+0000] {dagbag.py:545} INFO - Filling up the DagBag from /opt/airflow/dags/cilckstream_pipeline.py
[2026-06-05T02:04:23.317+0000] {processor.py:840} INFO - DAG(s) 'clickstream_etl_pipeline' retrieved from /opt/airflow/dags/cilckstream_pipeline.py
[2026-06-05T02:04:23.555+0000] {logging_mixin.py:188} INFO - [2026-06-05T02:04:23.554+0000] {dag.py:3096} INFO - Sync 1 DAGs
[2026-06-05T02:04:23.681+0000] {logging_mixin.py:188} INFO - [2026-06-05T02:04:23.681+0000] {dag.py:3954} INFO - Setting next_dagrun for clickstream_etl_pipeline to 2026-06-05 00:00:00+00:00, run_after=2026-06-06 00:00:00+00:00
[2026-06-05T02:04:23.720+0000] {processor.py:183} INFO - Processing /opt/airflow/dags/cilckstream_pipeline.py took 0.556 seconds
[2026-06-05T02:04:54.132+0000] {processor.py:161} INFO - Started process (PID=97) to work on /opt/airflow/dags/cilckstream_pipeline.py
[2026-06-05T02:04:54.133+0000] {processor.py:830} INFO - Processing file /opt/airflow/dags/cilckstream_pipeline.py for tasks to queue
[2026-06-05T02:04:54.139+0000] {logging_mixin.py:188} INFO - [2026-06-05T02:04:54.139+0000] {dagbag.py:545} INFO - Filling up the DagBag from /opt/airflow/dags/cilckstream_pipeline.py
[2026-06-05T02:04:54.199+0000] {processor.py:840} INFO - DAG(s) 'clickstream_etl_pipeline' retrieved from /opt/airflow/dags/cilckstream_pipeline.py
[2026-06-05T02:04:54.253+0000] {logging_mixin.py:188} INFO - [2026-06-05T02:04:54.252+0000] {dag.py:3096} INFO - Sync 1 DAGs
[2026-06-05T02:04:54.321+0000] {logging_mixin.py:188} INFO - [2026-06-05T02:04:54.321+0000] {dag.py:3954} INFO - Setting next_dagrun for clickstream_etl_pipeline to 2026-06-05 00:00:00+00:00, run_after=2026-06-06 00:00:00+00:00
[2026-06-05T02:04:54.364+0000] {processor.py:183} INFO - Processing /opt/airflow/dags/cilckstream_pipeline.py took 0.247 seconds
[2026-06-05T02:05:24.692+0000] {processor.py:161} INFO - Started process (PID=98) to work on /opt/airflow/dags/cilckstream_pipeline.py
[2026-06-05T02:05:24.694+0000] {processor.py:830} INFO - Processing file /opt/airflow/dags/cilckstream_pipeline.py for tasks to queue
[2026-06-05T02:05:24.697+0000] {logging_mixin.py:188} INFO - [2026-06-05T02:05:24.696+0000] {dagbag.py:545} INFO - Filling up the DagBag from /opt/airflow/dags/cilckstream_pipeline.py
[2026-06-05T02:05:24.733+0000] {processor.py:840} INFO - DAG(s) 'clickstream_etl_pipeline' retrieved from /opt/airflow/dags/cilckstream_pipeline.py
[2026-06-05T02:05:24.779+0000] {logging_mixin.py:188} INFO - [2026-06-05T02:05:24.778+0000] {dag.py:3096} INFO - Sync 1 DAGs
[2026-06-05T02:05:24.811+0000] {logging_mixin.py:188} INFO - [2026-06-05T02:05:24.811+0000] {dag.py:3954} INFO - Setting next_dagrun for clickstream_etl_pipeline to 2026-06-05 00:00:00+00:00, run_after=2026-06-06 00:00:00+00:00
[2026-06-05T02:05:24.845+0000] {processor.py:183} INFO - Processing /opt/airflow/dags/cilckstream_pipeline.py took 0.161 seconds
[2026-06-05T02:05:55.031+0000] {processor.py:161} INFO - Started process (PID=99) to work on /opt/airflow/dags/cilckstream_pipeline.py
[2026-06-05T02:05:55.032+0000] {processor.py:830} INFO - Processing file /opt/airflow/dags/cilckstream_pipeline.py for tasks to queue
[2026-06-05T02:05:55.036+0000] {logging_mixin.py:188} INFO - [2026-06-05T02:05:55.035+0000] {dagbag.py:545} INFO - Filling up the DagBag from /opt/airflow/dags/cilckstream_pipeline.py
[2026-06-05T02:05:55.077+0000] {processor.py:840} INFO - DAG(s) 'clickstream_etl_pipeline' retrieved from /opt/airflow/dags/cilckstream_pipeline.py
[2026-06-05T02:05:55.121+0000] {logging_mixin.py:188} INFO - [2026-06-05T02:05:55.121+0000] {dag.py:3096} INFO - Sync 1 DAGs
[2026-06-05T02:05:55.155+0000] {logging_mixin.py:188} INFO - [2026-06-05T02:05:55.154+0000] {dag.py:3954} INFO - Setting next_dagrun for clickstream_etl_pipeline to 2026-06-05 00:00:00+00:00, run_after=2026-06-06 00:00:00+00:00
[2026-06-05T02:05:55.192+0000] {processor.py:183} INFO - Processing /opt/airflow/dags/cilckstream_pipeline.py took 0.169 seconds
[2026-06-05T02:06:25.536+0000] {processor.py:161} INFO - Started process (PID=100) to work on /opt/airflow/dags/cilckstream_pipeline.py
[2026-06-05T02:06:25.538+0000] {processor.py:830} INFO - Processing file /opt/airflow/dags/cilckstream_pipeline.py for tasks to queue
[2026-06-05T02:06:25.541+0000] {logging_mixin.py:188} INFO - [2026-06-05T02:06:25.540+0000] {dagbag.py:545} INFO - Filling up the DagBag from /opt/airflow/dags/cilckstream_pipeline.py
[2026-06-05T02:06:25.586+0000] {processor.py:840} INFO - DAG(s) 'clickstream_etl_pipeline' retrieved from /opt/airflow/dags/cilckstream_pipeline.py
[2026-06-05T02:06:25.670+0000] {logging_mixin.py:188} INFO - [2026-06-05T02:06:25.670+0000] {dag.py:3096} INFO - Sync 1 DAGs
[2026-06-05T02:06:25.786+0000] {logging_mixin.py:188} INFO - [2026-06-05T02:06:25.785+0000] {dag.py:3954} INFO - Setting next_dagrun for clickstream_etl_pipeline to 2026-06-05 00:00:00+00:00, run_after=2026-06-06 00:00:00+00:00
[2026-06-05T02:06:25.923+0000] {processor.py:183} INFO - Processing /opt/airflow/dags/cilckstream_pipeline.py took 0.395 seconds
[2026-06-05T02:06:50.815+0000] {processor.py:161} INFO - Started process (PID=101) to work on /opt/airflow/dags/cilckstream_pipeline.py
[2026-06-05T02:06:50.816+0000] {processor.py:830} INFO - Processing file /opt/airflow/dags/cilckstream_pipeline.py for tasks to queue
[2026-06-05T02:06:50.819+0000] {logging_mixin.py:188} INFO - [2026-06-05T02:06:50.818+0000] {dagbag.py:545} INFO - Filling up the DagBag from /opt/airflow/dags/cilckstream_pipeline.py
[2026-06-05T02:06:50.867+0000] {processor.py:840} INFO - DAG(s) 'clickstream_etl_pipeline' retrieved from /opt/airflow/dags/cilckstream_pipeline.py
[2026-06-05T02:06:51.065+0000] {logging_mixin.py:188} INFO - [2026-06-05T02:06:51.065+0000] {dag.py:3096} INFO - Sync 1 DAGs
[2026-06-05T02:06:51.097+0000] {logging_mixin.py:188} INFO - [2026-06-05T02:06:51.096+0000] {dag.py:3954} INFO - Setting next_dagrun for clickstream_etl_pipeline to 2026-06-05 00:00:00+00:00, run_after=2026-06-06 00:00:00+00:00
[2026-06-05T02:06:51.152+0000] {processor.py:183} INFO - Processing /opt/airflow/dags/cilckstream_pipeline.py took 0.343 seconds
