[2026-06-05T02:04:26.154+0000] {local_task_job_runner.py:120} INFO - ::group::Pre task execution logs
[2026-06-05T02:04:26.203+0000] {taskinstance.py:2076} INFO - Dependencies all met for dep_context=non-requeueable deps ti=<TaskInstance: clickstream_etl_pipeline.generate_clickstream scheduled__2026-06-04T00:00:00+00:00 [queued]>
[2026-06-05T02:04:26.217+0000] {taskinstance.py:2076} INFO - Dependencies all met for dep_context=requeueable deps ti=<TaskInstance: clickstream_etl_pipeline.generate_clickstream scheduled__2026-06-04T00:00:00+00:00 [queued]>
[2026-06-05T02:04:26.219+0000] {taskinstance.py:2306} INFO - Starting attempt 1 of 1
[2026-06-05T02:04:26.241+0000] {taskinstance.py:2330} INFO - Executing <Task(BashOperator): generate_clickstream> on 2026-06-04 00:00:00+00:00
[2026-06-05T02:04:26.248+0000] {standard_task_runner.py:63} INFO - Started process 83 to run task
[2026-06-05T02:04:26.261+0000] {standard_task_runner.py:90} INFO - Running: ['airflow', 'tasks', 'run', 'clickstream_etl_pipeline', 'generate_clickstream', 'scheduled__2026-06-04T00:00:00+00:00', '--job-id', '5', '--raw', '--subdir', 'DAGS_FOLDER/cilckstream_pipeline.py', '--cfg-path', '/tmp/tmpxm2lqxf5']
[2026-06-05T02:04:26.267+0000] {standard_task_runner.py:91} INFO - Job 5: Subtask generate_clickstream
[2026-06-05T02:04:26.583+0000] {task_command.py:426} INFO - Running <TaskInstance: clickstream_etl_pipeline.generate_clickstream scheduled__2026-06-04T00:00:00+00:00 [running]> on host 89bed9758bfc
[2026-06-05T02:04:26.801+0000] {taskinstance.py:2648} INFO - Exporting env vars: AIRFLOW_CTX_DAG_OWNER='***' AIRFLOW_CTX_DAG_ID='clickstream_etl_pipeline' AIRFLOW_CTX_TASK_ID='generate_clickstream' AIRFLOW_CTX_EXECUTION_DATE='2026-06-04T00:00:00+00:00' AIRFLOW_CTX_TRY_NUMBER='1' AIRFLOW_CTX_DAG_RUN_ID='scheduled__2026-06-04T00:00:00+00:00'
[2026-06-05T02:04:26.807+0000] {taskinstance.py:430} INFO - ::endgroup::
[2026-06-05T02:04:26.902+0000] {subprocess.py:63} INFO - Tmp dir root location: /tmp
[2026-06-05T02:04:26.904+0000] {subprocess.py:75} INFO - Running command: ['/usr/bin/bash', '-c', '\n        cd /opt/airflow &&\n        python /opt/airflow/../generator/generate_clickstream.py\n        ']
[2026-06-05T02:04:26.920+0000] {subprocess.py:86} INFO - Output:
[2026-06-05T02:04:27.032+0000] {subprocess.py:93} INFO - python: can't open file '/opt/airflow/../generator/generate_clickstream.py': [Errno 2] No such file or directory
[2026-06-05T02:04:27.040+0000] {subprocess.py:97} INFO - Command exited with return code 2
[2026-06-05T02:04:27.042+0000] {taskinstance.py:441} INFO - ::group::Post task execution logs
[2026-06-05T02:04:27.059+0000] {taskinstance.py:2905} ERROR - Task failed with exception
Traceback (most recent call last):
  File "/home/airflow/.local/lib/python3.12/site-packages/airflow/models/taskinstance.py", line 465, in _execute_task
    result = _execute_callable(context=context, **execute_callable_kwargs)
             ^^^^^^^^^^^^^^^^^^^^^^^^^^^^^^^^^^^^^^^^^^^^^^^^^^^^^^^^^^^^^
  File "/home/airflow/.local/lib/python3.12/site-packages/airflow/models/taskinstance.py", line 432, in _execute_callable
    return execute_callable(context=context, **execute_callable_kwargs)
           ^^^^^^^^^^^^^^^^^^^^^^^^^^^^^^^^^^^^^^^^^^^^^^^^^^^^^^^^^^^^
  File "/home/airflow/.local/lib/python3.12/site-packages/airflow/models/baseoperator.py", line 400, in wrapper
    return func(self, *args, **kwargs)
           ^^^^^^^^^^^^^^^^^^^^^^^^^^^
  File "/home/airflow/.local/lib/python3.12/site-packages/airflow/operators/bash.py", line 243, in execute
    raise AirflowException(
airflow.exceptions.AirflowException: Bash command failed. The command returned a non-zero exit code 2.
[2026-06-05T02:04:27.067+0000] {taskinstance.py:1206} INFO - Marking task as FAILED. dag_id=clickstream_etl_pipeline, task_id=generate_clickstream, run_id=scheduled__2026-06-04T00:00:00+00:00, execution_date=20260604T000000, start_date=20260605T020426, end_date=20260605T020427
[2026-06-05T02:04:27.091+0000] {standard_task_runner.py:110} ERROR - Failed to execute job 5 for task generate_clickstream (Bash command failed. The command returned a non-zero exit code 2.; 83)
[2026-06-05T02:04:27.117+0000] {local_task_job_runner.py:240} INFO - Task exited with return code 1
[2026-06-05T02:04:27.147+0000] {taskinstance.py:3498} INFO - 0 downstream tasks scheduled from follow-on schedule check
[2026-06-05T02:04:27.153+0000] {local_task_job_runner.py:222} INFO - ::endgroup::
